run=79047419706 mode=prof image=minisgl-rdna4:lean-prof-today port=22306
commit=0d1f169869ff0fb485e144368627957d2e1557be dirty=4
lease: ROCR_VISIBLE_DEVICES=0,1 HIP_VISIBLE_DEVICES=0,1 LEASE_ROCR_DEVICES=0,1
serve: MODEL=qwen35b-awq SPEC=none TP=2 CONC=4 GRAPH_BS=4 MEM_RATIO=0.86 ATTN=hip KV_FP8=1
roctx: WINDOWS=200:200,800:200 EXIT_AFTER_STEPS=1100
drive: warm=16 tokA=600 tokB=600 M_B=4
cmd:   exec rocprofv3 --kernel-trace --marker-trace --selected-regions --stats --output-format csv -d /engine/rpv3-busy-79047419706 -o busy -- /engine/tools/serve.sh
perf_level card1=auto
 Network cscoreprof79047419706_default Created 
 Container cscore-prof-79047419706 Creating 
 Container cscore-prof-79047419706 Created 
 Container cscore-prof-79047419706 Starting 
 Container cscore-prof-79047419706 Started 
container=348b16b205b5762ce0f85a1ea1837fa0ed277c0c94aaf8a46865cd94ec2471fa
boot_ok=1
[drive] ready=True
[drive] warmup: {"label": "warmup", "M": 1, "max_tokens": 16, "wall_s": 3.8387476060306653, "tokens": 16, "gap_ms_median": 11.10868901014328, "gap_ms_mean": 68.31729200202972, "gap_ms_p10": 6.635467219166458, "gap_ms_p90": 356.5735815791413, "n_gaps": 15, "errors": [], "step_ms_from_gaps": 11.10868901014328, "agg_tok_s": 4.168026044448463}
[drive] A_bs1: {"label": "A_bs1", "M": 1, "max_tokens": 600, "wall_s": 16.805545235984027, "tokens": 600, "gap_ms_median": 11.305643012747169, "gap_ms_mean": 28.007953111816956, "gap_ms_p10": 10.921743989456445, "gap_ms_p90": 61.13341898890212, "n_gaps": 599, "errors": [], "step_ms_from_gaps": 11.305643012747169, "agg_tok_s": 35.7025012622191}
[drive] B: {"label": "B_bs4", "M": 4, "max_tokens": 600, "wall_s": 26.65273941605119, "tokens": 1916, "gap_ms_median": 17.264081514440477, "gap_ms_mean": 43.82176402617474, "gap_ms_p10": 14.9368082114961, "gap_ms_p90": 82.21317449933849, "n_gaps": 1912, "errors": [], "step_ms_from_gaps": 17.264081514440477, "agg_tok_s": 71.88754484449427}
[drive] wrote /home/pat/code/minisgl-rdna4-cscore/tools/counter_probe/results/serve/prof-79047419706.phases.json
=== waiting for the container to exit on its own (trace flush) ===
W20260805 13:17:31.715693 140234565248384 simple_timer.cpp:55] [rocprofv3] output generation ::     3.282880 sec
W20260805 13:17:31.720601 140234565248384 simple_timer.cpp:55] [rocprofv3] tool finalization ::     3.287832 sec
E20260805 13:17:31.775964 140213910050176 output_stream.cpp:111] Opened result file: /engine/rpv3-busy-79047419706/busy_marker_api_stats.csv
E20260805 13:17:31.778442 140213910050176 output_stream.cpp:111] Opened result file: /engine/rpv3-busy-79047419706/busy_marker_api_trace.csv
E20260805 13:17:31.784633 140213910050176 output_stream.cpp:111] Opened result file: /engine/rpv3-busy-79047419706/busy_agent_info.csv
E20260805 13:17:31.784836 140213910050176 output_stream.cpp:111] Opened result file: /engine/rpv3-busy-79047419706/busy_domain_stats.csv
W20260805 13:17:31.785652 140213910050176 simple_timer.cpp:55] [rocprofv3] output generation ::     3.289979 sec
W20260805 13:17:31.791085 140213910050176 simple_timer.cpp:55] [rocprofv3] tool finalization ::     3.295610 sec
=== output files ===
/home/pat/code/minisgl-rdna4-cscore/rpv3-busy-79047419706/busy_kernel_stats.csv
/home/pat/code/minisgl-rdna4-cscore/rpv3-busy-79047419706/busy_marker_api_stats.csv
/home/pat/code/minisgl-rdna4-cscore/rpv3-busy-79047419706/busy_domain_stats.csv
/home/pat/code/minisgl-rdna4-cscore/rpv3-busy-79047419706/busy_kernel_trace.csv
/home/pat/code/minisgl-rdna4-cscore/rpv3-busy-79047419706/busy_agent_info.csv
/home/pat/code/minisgl-rdna4-cscore/rpv3-busy-79047419706/busy_marker_api_trace.csv
=== engine log tail ===
[1m[2026-08-05|13:16:28|core|rank=0][0m [32mINFO    [0m Reserved 0.32 GiB for the recurrent-radix snapshot store (filled during serving); KV pool gets the remainder
[1m[2026-08-05|13:16:28|core|rank=0][0m [32mINFO    [0m Reserved 0.11 GiB for GDN state (4 slots); KV pool gets the remainder
[1m[2026-08-05|13:16:28|core|rank=0][0m [32mINFO    [0m Reserved 0.00 GiB for CUDA graph capture (max_bs=4); KV pool gets the remainder
[1m[2026-08-05|13:16:28|core|rank=1][0m [32mINFO    [0m Reserved 0.32 GiB for the recurrent-radix snapshot store (filled during serving); KV pool gets the remainder
[1m[2026-08-05|13:16:28|core|rank=1][0m [32mINFO    [0m Reserved 0.11 GiB for GDN state (4 slots); KV pool gets the remainder
[1m[2026-08-05|13:16:28|core|rank=1][0m [32mINFO    [0m Reserved 0.00 GiB for CUDA graph capture (max_bs=4); KV pool gets the remainder
OUT=/home/pat/code/minisgl-rdna4-cscore/tools/counter_probe/results/serve/prof-79047419706.log RPDIR=rpv3-busy-79047419706
